ASSERTION FAILED:
File:
tests/assert.wat
Line:
4
Message:
Hello, world!
