ASSERTION FAILED:
File:
tests/strcmp.wat
Line:
5
Message:
Good.
